// Jest Snapshot v1, https://goo.gl/fbAQLP

exports[`creates a component with the correct proptypes when the original component has proptypes 1`] = `
Array [
  Array [
    "Warning: Failed prop type: Invalid prop \`className\` of type \`number\` supplied to \`makeDynamic(TestFunctionComponent)\`, expected \`string\`.",
  ],
  Array [
    "Warning: Failed prop type: Invalid prop \`type\` of value \`not-text\` supplied to \`makeDynamic(TestFunctionComponent)\`, expected one of [\\"text\\"].",
  ],
  Array [
    "Warning: Failed prop type: Invalid prop \`value\` of type \`number\` supplied to \`makeDynamic(TestFunctionComponent)\`, expected \`string\`.",
  ],
  Array [
    "Warning: Failed prop type: Invalid prop \`onValueChange\` of type \`string\` supplied to \`makeDynamic(TestFunctionComponent)\`, expected \`function\`.",
  ],
  Array [
    "Warning: Failed prop type: Invalid prop \`disabled\` of type \`string\` supplied to \`makeDynamic(TestFunctionComponent)\`, expected \`boolean\`.",
  ],
]
`;

exports[`renders correctly for class components 1`] = `
<input
  className="test-class"
  disabled={true}
  onChange={[Function]}
  type="text"
  value="test value"
/>
`;

exports[`renders correctly for function components 1`] = `
<input
  className="test-class"
  disabled={true}
  onChange={[Function]}
  type="text"
  value="test value"
/>
`;
