// Jest Snapshot v1, https://goo.gl/fbAQLP

exports[`renders correctly with all props 1`] = `
Array [
  <div />,
  <img
    src="test.png"
  />,
  <div>
    test class content
  </div>,
  <div>
    test function content
  </div>,
]
`;

exports[`renders correctly without optional props 1`] = `
Array [
  <div />,
  <img
    src="test.png"
  />,
  <div>
    test class content
  </div>,
  <div>
    test function content
  </div>,
]
`;
